// Jest Snapshot v1, https://goo.gl/fbAQLP

exports[`declareColors() returns the correct values with default parameters 1`] = `
Object {
  "--color-black": "0 0 0",
  "--color-gray-100": "244 245 245",
  "--color-gray-200": "234 235 235",
  "--color-gray-300": "223 225 226",
  "--color-gray-400": "181 184 186",
  "--color-gray-50": "255 255 255",
  "--color-gray-500": "149 154 157",
  "--color-gray-600": "118 123 127",
  "--color-gray-700": "84 93 99",
  "--color-gray-75": "250 250 250",
  "--color-gray-800": "51 63 71",
  "--color-gray-900": "23 32 38 ",
  "--color-neutral-d1": "83 89 101",
  "--color-neutral-d2": "24 28 36",
  "--color-neutral-l0": "255 255 255",
  "--color-neutral-l1": "229 229 231",
  "--color-neutral-l2": "181 183 188",
  "--color-neutral-m1": "145 149 156",
  "--color-primary-d1": "31 57 255",
  "--color-primary-l1": "61 132 255",
  "--color-primary-l2": "51 109 255",
  "--color-primary-m1": "41 84 255",
  "--color-white": "255 255 255",
}
`;

exports[`getColors() returns the correct values with default parameters 1`] = `
Object {
  "black": [Function],
  "gray": Object {
    "100": [Function],
    "200": [Function],
    "300": [Function],
    "400": [Function],
    "50": [Function],
    "500": [Function],
    "600": [Function],
    "700": [Function],
    "75": [Function],
    "800": [Function],
    "900": [Function],
  },
  "neutral": Object {
    "d1": [Function],
    "d2": [Function],
    "l0": [Function],
    "l1": [Function],
    "l2": [Function],
    "m1": [Function],
  },
  "primary": Object {
    "d1": [Function],
    "l1": [Function],
    "l2": [Function],
    "m1": [Function],
  },
  "white": [Function],
}
`;
