// Jest Snapshot v1, https://goo.gl/fbAQLP

exports[`renders a Section component 1`] = `
<button>
  <span>
    <span>
      <span />
    </span>
    <span />
    <span />
  </span>
</button>
`;
