// Jest Snapshot v1, https://goo.gl/fbAQLP

exports[`it renders correctly 1`] = `
Array [
  <div
    className="root"
  >
    <button
      aria-expanded={false}
      aria-label="Sign In"
      className="trigger"
      onClick={[MockFunction handleTriggerClick]}
    >
      <Account Chip
        fallbackText="Sign In"
        shouldIndicateLoading={true}
      />
    </button>
  </div>,
  <require('../AccountMenu')
    accountMenuIsOpen={false}
  />,
]
`;
