// Jest Snapshot v1, https://goo.gl/fbAQLP

exports[`it renders a loading indicator when appropriate 1`] = `
<span
  className="root"
>
  <span
    className="root"
  >
    <svg
      className="icon"
      fill="none"
      height={24}
      stroke="currentColor"
      strokeLinecap="round"
      strokeLinejoin="round"
      strokeWidth="2"
      viewBox="0 0 24 24"
      width={24}
      xmlns="http://www.w3.org/2000/svg"
    >
      <path
        d="M20 21v-2a4 4 0 0 0-4-4H8a4 4 0 0 0-4 4v2"
      />
      <circle
        cx="12"
        cy="7"
        r="4"
      />
    </svg>
  </span>
  <span
    className="text"
  >
    <span
      className="root"
    >
      <svg
        className="icon"
        fill="none"
        height={24}
        stroke="currentColor"
        strokeLinecap="round"
        strokeLinejoin="round"
        strokeWidth="2"
        viewBox="0 0 24 24"
        width={24}
        xmlns="http://www.w3.org/2000/svg"
      >
        <line
          x1="12"
          x2="12"
          y1="2"
          y2="6"
        />
        <line
          x1="12"
          x2="12"
          y1="18"
          y2="22"
        />
        <line
          x1="4.93"
          x2="7.76"
          y1="4.93"
          y2="7.76"
        />
        <line
          x1="16.24"
          x2="19.07"
          y1="16.24"
          y2="19.07"
        />
        <line
          x1="2"
          x2="6"
          y1="12"
          y2="12"
        />
        <line
          x1="18"
          x2="22"
          y1="12"
          y2="12"
        />
        <line
          x1="4.93"
          x2="7.76"
          y1="19.07"
          y2="16.24"
        />
        <line
          x1="16.24"
          x2="19.07"
          y1="7.76"
          y2="4.93"
        />
      </svg>
    </span>
  </span>
</span>
`;
