// Jest Snapshot v1, https://goo.gl/fbAQLP

exports[`renders correctly 1`] = `
<h2>
  <span>
    <mock-FormattedMessage
      defaultMessage="Product Suggestions"
      id="searchBar.heading"
    />
  </span>
</h2>
`;
