// Jest Snapshot v1, https://goo.gl/fbAQLP

exports[`should render properly 1`] = `
Object {
  "formErrors": Array [
    null,
  ],
  "handleSubmit": [Function],
  "hasCompleted": false,
  "loading": false,
  "recaptchaWidgetProps": Object {},
  "token": "eUokxamL1kiElLDjo6AQHYFO4XlK3",
}
`;
