// Jest Snapshot v1, https://goo.gl/fbAQLP

exports[`returns loading placeholder option 1`] = `
Object {
  "countries": Array [
    Object {
      "label": "Loading Countries...",
      "value": "",
    },
  ],
  "loading": true,
}
`;

exports[`returns sorted data 1`] = `
Object {
  "countries": Array [
    Object {
      "label": "AN",
      "value": "AN",
    },
    Object {
      "label": "France",
      "value": "FR",
    },
    Object {
      "label": "Netherlands",
      "value": "NL",
    },
    Object {
      "label": "United States",
      "value": "US",
    },
  ],
  "loading": false,
}
`;
