// Jest Snapshot v1, https://goo.gl/fbAQLP

exports[`renders a placeholder item while awaiting item 1`] = `
<div
  aria-busy="true"
  aria-live="polite"
  className="root"
>
  <div
    className="root_rectangle"
    style={Object {}}
  >
    <div
      className="root container"
    >
      <img
        alt="Placeholder for gallery item image"
        className="image placeholder_layoutOnly"
        loading="eager"
        src="data:image/svg+xml;base64,PHN2ZyB4bWxucz0naHR0cDovL3d3dy53My5vcmcvMjAwMC9zdmcnIHdpZHRoPSc0JyBoZWlnaHQ9JzUnPjxyZWN0IHdpZHRoPSc0JyBoZWlnaHQ9JzUnIHN0eWxlPSdmaWxsOiBub25lJyAvPjwvc3ZnPg=="
        width={100}
      />
      <img
        alt="Placeholder for gallery item image"
        className="image loaded"
        loading="lazy"
        onError={[MockFunction]}
        onLoad={[MockFunction]}
        src="data:image/svg+xml;base64,PHN2ZyB4bWxucz0naHR0cDovL3d3dy53My5vcmcvMjAwMC9zdmcnIHdpZHRoPSc0JyBoZWlnaHQ9JzUnPjxyZWN0IHdpZHRoPSc0JyBoZWlnaHQ9JzUnIHN0eWxlPSdmaWxsOiBub25lJyAvPjwvc3ZnPg=="
      />
    </div>
  </div>
  <div
    className="root_rectangle"
    style={
      Object {
        "width": "100%",
      }
    }
  />
  <div
    className="root_rectangle"
    style={
      Object {
        "width": "3rem",
      }
    }
  />
  <div
    className="root_button"
    style={Object {}}
  />
</div>
`;

exports[`renders correctly with valid item data 1`] = `
<div
  aria-busy="false"
  aria-live="polite"
  className="root"
>
  <a
    className="images"
    href="/strive-shoulder-pack.html"
    onClick={[Function]}
  >
    <div
      className="root container"
    >
      <img
        alt="Test Product"
        className="image placeholder_layoutOnly"
        height={375}
        loading="eager"
        src="data:image/svg+xml;base64,PHN2ZyB4bWxucz0naHR0cDovL3d3dy53My5vcmcvMjAwMC9zdmcnIHdpZHRoPSc0JyBoZWlnaHQ9JzUnPjxyZWN0IHdpZHRoPSc0JyBoZWlnaHQ9JzUnIHN0eWxlPSdmaWxsOiBub25lJyAvPjwvc3ZnPg=="
        width={100}
      />
      <img
        alt="Test Product"
        className="image loaded"
        loading="lazy"
        onError={[MockFunction]}
        onLoad={[MockFunction]}
        sizes="(max-width: 640px) 300px, 840px"
        src="/media/catalog/product/foo/bar/pic.png?auto=webp&format=png&width=100&fit=cover"
        srcSet="/media/catalog/product/foo/bar/pic.png?auto=webp&format=png&width=40&height=50&fit=cover 40w,
/media/catalog/product/foo/bar/pic.png?auto=webp&format=png&width=80&height=100&fit=cover 80w,
/media/catalog/product/foo/bar/pic.png?auto=webp&format=png&width=160&height=200&fit=cover 160w,
/media/catalog/product/foo/bar/pic.png?auto=webp&format=png&width=320&height=400&fit=cover 320w,
/media/catalog/product/foo/bar/pic.png?auto=webp&format=png&width=640&height=800&fit=cover 640w,
/media/catalog/product/foo/bar/pic.png?auto=webp&format=png&width=960&height=1200&fit=cover 960w,
/media/catalog/product/foo/bar/pic.png?auto=webp&format=png&width=1280&height=1600&fit=cover 1280w,
/media/catalog/product/foo/bar/pic.png?auto=webp&format=png&width=1600&height=2000&fit=cover 1600w,
/media/catalog/product/foo/bar/pic.png?auto=webp&format=png&width=2560&height=3200&fit=cover 2560w"
        width={100}
      />
    </div>
  </a>
  <a
    className="name"
    href="/strive-shoulder-pack.html"
    onClick={[Function]}
  >
    <span>
      Test Product
    </span>
  </a>
  <div
    className="price"
  >
    <span>
      $
    </span>
    <span>
      21
    </span>
    <span>
      .
    </span>
    <span>
      00
    </span>
  </div>
  <div
    className="actionsContainer"
  >
     
    <mock-AddToCartButton
      item={
        Object {
          "__typename": "SimpleProduct",
          "id": 1,
          "name": "Test Product",
          "price_range": Object {
            "maximum_price": Object {
              "regular_price": Object {
                "currency": "USD",
                "value": 21,
              },
            },
          },
          "sku": "sku-123",
          "small_image": Object {
            "url": "/foo/bar/pic.png",
          },
          "stock_status": "IN_STOCK",
          "type_id": "simple",
          "url_key": "strive-shoulder-pack",
          "url_suffix": ".html",
        }
      }
      urlSuffix=".html"
    />
  </div>
</div>
`;
