// Jest Snapshot v1, https://goo.gl/fbAQLP

exports[`Snapshot test 1`] = `
<button
  onClick={[Function]}
>
  <span>
    <span>
      <mock-FormattedMessage
        defaultMessage="SHOW ALL ITEMS"
        id="checkoutPage.showAllItems"
      />
    </span>
    <span>
      <svg
        fill="none"
        height={24}
        stroke="currentColor"
        strokeLinecap="round"
        strokeLinejoin="round"
        strokeWidth="2"
        viewBox="0 0 24 24"
        width={24}
        xmlns="http://www.w3.org/2000/svg"
      >
        <polyline
          points="6 9 12 15 18 9"
        />
      </svg>
    </span>
  </span>
</button>
`;
