// Jest Snapshot v1, https://goo.gl/fbAQLP

exports[`renders list of products with items in cart 1`] = `
Array [
  <ul
    className="root"
  >
    <Product
      item="1"
    />
    <Product
      item="2"
    />
    <Product
      item="3"
    />
  </ul>,
  <require('./EditModal') />,
]
`;

exports[`renders null with no items in cart 1`] = `null`;
