// Jest Snapshot v1, https://goo.gl/fbAQLP

exports[`#CustomAttributes renders with custom attributes not visible on front 1`] = `null`;

exports[`#CustomAttributes renders with custom attributes visible on front 1`] = `
<div>
  <p>
    <mock-FormattedMessage
      defaultMessage="Details"
      id="customAttributes.title"
    />
  </p>
  <ul>
    <li>
      <span>
        Attribute 1
      </span>
      <span>
        Option 1, Option 2
      </span>
    </li>
    <li>
      <span>
        Attribute 2
      </span>
      <span>
        Option 3
      </span>
    </li>
    <li>
      <span>
        Attribute 3
      </span>
    </li>
  </ul>
</div>
`;

exports[`#CustomAttributes renders without custom attributes 1`] = `null`;
