// Jest Snapshot v1, https://goo.gl/fbAQLP

exports[`Should return correct shape 1`] = `
Object {
  "isLoading": false,
  "selectedPaymentMethod": "braintree",
}
`;
